mode: atomic
github.com/ErikDPrince/bookmark-management/docs/docs.go:102.13,104.2 1 0
github.com/ErikDPrince/bookmark-management/internal/api/api.go:26.30,36.2 5 0
github.com/ErikDPrince/bookmark-management/internal/api/api.go:38.29,40.2 1 0
github.com/ErikDPrince/bookmark-management/internal/api/api.go:42.28,46.2 3 0
github.com/ErikDPrince/bookmark-management/internal/api/api.go:48.34,52.2 3 0
github.com/ErikDPrince/bookmark-management/internal/api/api.go:54.35,60.2 1 0
github.com/ErikDPrince/bookmark-management/internal/api/api.go:62.38,68.2 5 0
github.com/ErikDPrince/bookmark-management/internal/api/config.go:16.35,19.16 3 0
github.com/ErikDPrince/bookmark-management/internal/api/config.go:19.16,21.3 1 0
github.com/ErikDPrince/bookmark-management/internal/api/config.go:23.2,23.42 1 0
github.com/ErikDPrince/bookmark-management/internal/api/config.go:23.42,25.3 1 0
github.com/ErikDPrince/bookmark-management/internal/api/config.go:27.2,27.45 1 0
github.com/ErikDPrince/bookmark-management/internal/api/config.go:27.45,29.3 1 0
github.com/ErikDPrince/bookmark-management/internal/api/config.go:31.2,31.17 1 0
github.com/ErikDPrince/bookmark-management/docs/docs.go:102.13,104.2 1 0
github.com/ErikDPrince/bookmark-management/internal/api/api.go:26.30,36.2 5 0
github.com/ErikDPrince/bookmark-management/internal/api/api.go:38.29,40.2 1 0
github.com/ErikDPrince/bookmark-management/internal/api/api.go:42.28,46.2 3 0
github.com/ErikDPrince/bookmark-management/internal/api/api.go:48.34,52.2 3 0
github.com/ErikDPrince/bookmark-management/internal/api/api.go:54.35,60.2 1 0
github.com/ErikDPrince/bookmark-management/internal/api/api.go:62.38,68.2 5 0
github.com/ErikDPrince/bookmark-management/internal/api/config.go:16.35,19.16 3 0
github.com/ErikDPrince/bookmark-management/internal/api/config.go:19.16,21.3 1 0
github.com/ErikDPrince/bookmark-management/internal/api/config.go:23.2,23.42 1 0
github.com/ErikDPrince/bookmark-management/internal/api/config.go:23.42,25.3 1 0
github.com/ErikDPrince/bookmark-management/internal/api/config.go:27.2,27.45 1 0
github.com/ErikDPrince/bookmark-management/internal/api/config.go:27.45,29.3 1 0
github.com/ErikDPrince/bookmark-management/internal/api/config.go:31.2,31.17 1 0
github.com/ErikDPrince/bookmark-management/internal/handler/health_handler.go:26.67,28.2 1 0
github.com/ErikDPrince/bookmark-management/internal/handler/health_handler.go:30.47,33.2 2 0
github.com/ErikDPrince/bookmark-management/internal/handler/pass_handler.go:18.49,20.2 1 1
github.com/ErikDPrince/bookmark-management/internal/handler/pass_handler.go:28.51,30.16 2 1
github.com/ErikDPrince/bookmark-management/internal/handler/pass_handler.go:30.16,33.3 2 0
github.com/ErikDPrince/bookmark-management/internal/handler/pass_handler.go:34.2,34.48 1 1
github.com/ErikDPrince/bookmark-management/internal/handler/shortenurl.go:18.83,22.2 1 0
github.com/ErikDPrince/bookmark-management/internal/handler/shortenurl.go:28.56,30.48 2 0
github.com/ErikDPrince/bookmark-management/internal/handler/shortenurl.go:30.48,33.3 2 0
github.com/ErikDPrince/bookmark-management/internal/handler/shortenurl.go:35.2,36.16 2 0
github.com/ErikDPrince/bookmark-management/internal/handler/shortenurl.go:36.16,39.3 2 0
github.com/ErikDPrince/bookmark-management/internal/handler/shortenurl.go:40.2,42.4 1 0
github.com/ErikDPrince/bookmark-management/internal/repository/urlstorage.go:22.58,26.2 1 0
github.com/ErikDPrince/bookmark-management/internal/repository/urlstorage.go:28.76,30.2 1 0
github.com/ErikDPrince/bookmark-management/internal/service/code_generator.go:17.39,19.2 1 0
github.com/ErikDPrince/bookmark-management/internal/service/code_generator.go:21.66,23.30 2 0
github.com/ErikDPrince/bookmark-management/internal/service/code_generator.go:23.30,25.17 2 0
github.com/ErikDPrince/bookmark-management/internal/service/code_generator.go:25.17,27.4 1 0
github.com/ErikDPrince/bookmark-management/internal/service/code_generator.go:28.3,28.40 1 0
github.com/ErikDPrince/bookmark-management/internal/service/code_generator.go:30.2,30.24 1 0
github.com/ErikDPrince/bookmark-management/internal/service/health_service.go:18.62,23.2 1 0
github.com/ErikDPrince/bookmark-management/internal/service/health_service.go:25.42,31.2 1 0
github.com/ErikDPrince/bookmark-management/internal/service/pass_service.go:25.36,27.2 1 0
github.com/ErikDPrince/bookmark-management/internal/service/pass_service.go:29.62,32.38 2 0
github.com/ErikDPrince/bookmark-management/internal/service/pass_service.go:32.38,34.17 2 0
github.com/ErikDPrince/bookmark-management/internal/service/pass_service.go:34.17,36.4 1 0
github.com/ErikDPrince/bookmark-management/internal/service/pass_service.go:37.3,37.53 1 0
github.com/ErikDPrince/bookmark-management/internal/service/pass_service.go:39.2,39.33 1 0
github.com/ErikDPrince/bookmark-management/internal/service/shortenurl.go:22.95,27.2 1 0
github.com/ErikDPrince/bookmark-management/internal/service/shortenurl.go:29.89,32.16 2 0
github.com/ErikDPrince/bookmark-management/internal/service/shortenurl.go:32.16,34.3 1 0
github.com/ErikDPrince/bookmark-management/internal/service/shortenurl.go:36.2,37.16 2 0
github.com/ErikDPrince/bookmark-management/internal/service/shortenurl.go:37.16,39.3 1 0
github.com/ErikDPrince/bookmark-management/internal/service/shortenurl.go:41.2,41.18 1 0
github.com/ErikDPrince/bookmark-management/pkg/redis/client.go:5.57,7.16 2 0
github.com/ErikDPrince/bookmark-management/pkg/redis/client.go:7.16,9.3 1 0
github.com/ErikDPrince/bookmark-management/pkg/redis/client.go:11.2,15.9 1 0
github.com/ErikDPrince/bookmark-management/pkg/redis/config.go:11.51,14.58 2 0
github.com/ErikDPrince/bookmark-management/pkg/redis/config.go:14.58,16.3 1 0
github.com/ErikDPrince/bookmark-management/pkg/redis/config.go:18.2,18.17 1 0
github.com/ErikDPrince/bookmark-management/pkg/redis/mock.go:10.48,16.2 2 0
github.com/ErikDPrince/bookmark-management/docs/docs.go:102.13,104.2 1 0
github.com/ErikDPrince/bookmark-management/internal/api/api.go:26.30,36.2 5 0
github.com/ErikDPrince/bookmark-management/internal/api/api.go:38.29,40.2 1 0
github.com/ErikDPrince/bookmark-management/internal/api/api.go:42.28,46.2 3 0
github.com/ErikDPrince/bookmark-management/internal/api/api.go:48.34,52.2 3 0
github.com/ErikDPrince/bookmark-management/internal/api/api.go:54.35,60.2 1 0
github.com/ErikDPrince/bookmark-management/internal/api/api.go:62.38,68.2 5 0
github.com/ErikDPrince/bookmark-management/internal/api/config.go:16.35,19.16 3 0
github.com/ErikDPrince/bookmark-management/internal/api/config.go:19.16,21.3 1 0
github.com/ErikDPrince/bookmark-management/internal/api/config.go:23.2,23.42 1 0
github.com/ErikDPrince/bookmark-management/internal/api/config.go:23.42,25.3 1 0
github.com/ErikDPrince/bookmark-management/internal/api/config.go:27.2,27.45 1 0
github.com/ErikDPrince/bookmark-management/internal/api/config.go:27.45,29.3 1 0
github.com/ErikDPrince/bookmark-management/internal/api/config.go:31.2,31.17 1 0
github.com/ErikDPrince/bookmark-management/internal/handler/health_handler.go:26.67,28.2 1 0
github.com/ErikDPrince/bookmark-management/internal/handler/health_handler.go:30.47,33.2 2 0
github.com/ErikDPrince/bookmark-management/internal/handler/pass_handler.go:18.49,20.2 1 0
github.com/ErikDPrince/bookmark-management/internal/handler/pass_handler.go:28.51,30.16 2 0
github.com/ErikDPrince/bookmark-management/internal/handler/pass_handler.go:30.16,33.3 2 0
github.com/ErikDPrince/bookmark-management/internal/handler/pass_handler.go:34.2,34.48 1 0
github.com/ErikDPrince/bookmark-management/internal/handler/shortenurl.go:18.83,22.2 1 0
github.com/ErikDPrince/bookmark-management/internal/handler/shortenurl.go:28.56,30.48 2 0
github.com/ErikDPrince/bookmark-management/internal/handler/shortenurl.go:30.48,33.3 2 0
github.com/ErikDPrince/bookmark-management/internal/handler/shortenurl.go:35.2,36.16 2 0
github.com/ErikDPrince/bookmark-management/internal/handler/shortenurl.go:36.16,39.3 2 0
github.com/ErikDPrince/bookmark-management/internal/handler/shortenurl.go:40.2,42.4 1 0
github.com/ErikDPrince/bookmark-management/internal/repository/urlstorage.go:22.58,26.2 1 1
github.com/ErikDPrince/bookmark-management/internal/repository/urlstorage.go:28.76,30.2 1 1
github.com/ErikDPrince/bookmark-management/internal/service/code_generator.go:17.39,19.2 1 0
github.com/ErikDPrince/bookmark-management/internal/service/code_generator.go:21.66,23.30 2 0
github.com/ErikDPrince/bookmark-management/internal/service/code_generator.go:23.30,25.17 2 0
github.com/ErikDPrince/bookmark-management/internal/service/code_generator.go:25.17,27.4 1 0
github.com/ErikDPrince/bookmark-management/internal/service/code_generator.go:28.3,28.40 1 0
github.com/ErikDPrince/bookmark-management/internal/service/code_generator.go:30.2,30.24 1 0
github.com/ErikDPrince/bookmark-management/internal/service/health_service.go:18.62,23.2 1 0
github.com/ErikDPrince/bookmark-management/internal/service/health_service.go:25.42,31.2 1 0
github.com/ErikDPrince/bookmark-management/internal/service/pass_service.go:25.36,27.2 1 0
github.com/ErikDPrince/bookmark-management/internal/service/pass_service.go:29.62,32.38 2 0
github.com/ErikDPrince/bookmark-management/internal/service/pass_service.go:32.38,34.17 2 0
github.com/ErikDPrince/bookmark-management/internal/service/pass_service.go:34.17,36.4 1 0
github.com/ErikDPrince/bookmark-management/internal/service/pass_service.go:37.3,37.53 1 0
github.com/ErikDPrince/bookmark-management/internal/service/pass_service.go:39.2,39.33 1 0
github.com/ErikDPrince/bookmark-management/internal/service/shortenurl.go:22.95,27.2 1 0
github.com/ErikDPrince/bookmark-management/internal/service/shortenurl.go:29.89,32.16 2 0
github.com/ErikDPrince/bookmark-management/internal/service/shortenurl.go:32.16,34.3 1 0
github.com/ErikDPrince/bookmark-management/internal/service/shortenurl.go:36.2,37.16 2 0
github.com/ErikDPrince/bookmark-management/internal/service/shortenurl.go:37.16,39.3 1 0
github.com/ErikDPrince/bookmark-management/internal/service/shortenurl.go:41.2,41.18 1 0
github.com/ErikDPrince/bookmark-management/pkg/redis/client.go:5.57,7.16 2 0
github.com/ErikDPrince/bookmark-management/pkg/redis/client.go:7.16,9.3 1 0
github.com/ErikDPrince/bookmark-management/pkg/redis/client.go:11.2,15.9 1 0
github.com/ErikDPrince/bookmark-management/pkg/redis/config.go:11.51,14.58 2 0
github.com/ErikDPrince/bookmark-management/pkg/redis/config.go:14.58,16.3 1 0
github.com/ErikDPrince/bookmark-management/pkg/redis/config.go:18.2,18.17 1 0
github.com/ErikDPrince/bookmark-management/pkg/redis/mock.go:10.48,16.2 2 1
github.com/ErikDPrince/bookmark-management/docs/docs.go:102.13,104.2 1 0
github.com/ErikDPrince/bookmark-management/internal/api/api.go:26.30,36.2 5 0
github.com/ErikDPrince/bookmark-management/internal/api/api.go:38.29,40.2 1 0
github.com/ErikDPrince/bookmark-management/internal/api/api.go:42.28,46.2 3 0
github.com/ErikDPrince/bookmark-management/internal/api/api.go:48.34,52.2 3 0
github.com/ErikDPrince/bookmark-management/internal/api/api.go:54.35,60.2 1 0
github.com/ErikDPrince/bookmark-management/internal/api/api.go:62.38,68.2 5 0
github.com/ErikDPrince/bookmark-management/internal/api/config.go:16.35,19.16 3 0
github.com/ErikDPrince/bookmark-management/internal/api/config.go:19.16,21.3 1 0
github.com/ErikDPrince/bookmark-management/internal/api/config.go:23.2,23.42 1 0
github.com/ErikDPrince/bookmark-management/internal/api/config.go:23.42,25.3 1 0
github.com/ErikDPrince/bookmark-management/internal/api/config.go:27.2,27.45 1 0
github.com/ErikDPrince/bookmark-management/internal/api/config.go:27.45,29.3 1 0
github.com/ErikDPrince/bookmark-management/internal/api/config.go:31.2,31.17 1 0
github.com/ErikDPrince/bookmark-management/internal/handler/health_handler.go:26.67,28.2 1 0
github.com/ErikDPrince/bookmark-management/internal/handler/health_handler.go:30.47,33.2 2 0
github.com/ErikDPrince/bookmark-management/internal/handler/pass_handler.go:18.49,20.2 1 0
github.com/ErikDPrince/bookmark-management/internal/handler/pass_handler.go:28.51,30.16 2 0
github.com/ErikDPrince/bookmark-management/internal/handler/pass_handler.go:30.16,33.3 2 0
github.com/ErikDPrince/bookmark-management/internal/handler/pass_handler.go:34.2,34.48 1 0
github.com/ErikDPrince/bookmark-management/internal/handler/shortenurl.go:18.83,22.2 1 0
github.com/ErikDPrince/bookmark-management/internal/handler/shortenurl.go:28.56,30.48 2 0
github.com/ErikDPrince/bookmark-management/internal/handler/shortenurl.go:30.48,33.3 2 0
github.com/ErikDPrince/bookmark-management/internal/handler/shortenurl.go:35.2,36.16 2 0
github.com/ErikDPrince/bookmark-management/internal/handler/shortenurl.go:36.16,39.3 2 0
github.com/ErikDPrince/bookmark-management/internal/handler/shortenurl.go:40.2,42.4 1 0
github.com/ErikDPrince/bookmark-management/internal/repository/urlstorage.go:22.58,26.2 1 0
github.com/ErikDPrince/bookmark-management/internal/repository/urlstorage.go:28.76,30.2 1 0
github.com/ErikDPrince/bookmark-management/internal/service/code_generator.go:17.39,19.2 1 0
github.com/ErikDPrince/bookmark-management/internal/service/code_generator.go:21.66,23.30 2 0
github.com/ErikDPrince/bookmark-management/internal/service/code_generator.go:23.30,25.17 2 0
github.com/ErikDPrince/bookmark-management/internal/service/code_generator.go:25.17,27.4 1 0
github.com/ErikDPrince/bookmark-management/internal/service/code_generator.go:28.3,28.40 1 0
github.com/ErikDPrince/bookmark-management/internal/service/code_generator.go:30.2,30.24 1 0
github.com/ErikDPrince/bookmark-management/internal/service/health_service.go:18.62,23.2 1 1
github.com/ErikDPrince/bookmark-management/internal/service/health_service.go:25.42,31.2 1 1
github.com/ErikDPrince/bookmark-management/internal/service/pass_service.go:25.36,27.2 1 1
github.com/ErikDPrince/bookmark-management/internal/service/pass_service.go:29.62,32.38 2 1
github.com/ErikDPrince/bookmark-management/internal/service/pass_service.go:32.38,34.17 2 10
github.com/ErikDPrince/bookmark-management/internal/service/pass_service.go:34.17,36.4 1 0
github.com/ErikDPrince/bookmark-management/internal/service/pass_service.go:37.3,37.53 1 10
github.com/ErikDPrince/bookmark-management/internal/service/pass_service.go:39.2,39.33 1 1
github.com/ErikDPrince/bookmark-management/internal/service/shortenurl.go:22.95,27.2 1 0
github.com/ErikDPrince/bookmark-management/internal/service/shortenurl.go:29.89,32.16 2 0
github.com/ErikDPrince/bookmark-management/internal/service/shortenurl.go:32.16,34.3 1 0
github.com/ErikDPrince/bookmark-management/internal/service/shortenurl.go:36.2,37.16 2 0
github.com/ErikDPrince/bookmark-management/internal/service/shortenurl.go:37.16,39.3 1 0
github.com/ErikDPrince/bookmark-management/internal/service/shortenurl.go:41.2,41.18 1 0
github.com/ErikDPrince/bookmark-management/pkg/redis/client.go:5.57,7.16 2 0
github.com/ErikDPrince/bookmark-management/pkg/redis/client.go:7.16,9.3 1 0
github.com/ErikDPrince/bookmark-management/pkg/redis/client.go:11.2,15.9 1 0
github.com/ErikDPrince/bookmark-management/pkg/redis/config.go:11.51,14.58 2 0
github.com/ErikDPrince/bookmark-management/pkg/redis/config.go:14.58,16.3 1 0
github.com/ErikDPrince/bookmark-management/pkg/redis/config.go:18.2,18.17 1 0
github.com/ErikDPrince/bookmark-management/pkg/redis/mock.go:10.48,16.2 2 0
github.com/ErikDPrince/bookmark-management/docs/docs.go:102.13,104.2 1 0
github.com/ErikDPrince/bookmark-management/internal/api/api.go:26.30,36.2 5 0
github.com/ErikDPrince/bookmark-management/internal/api/api.go:38.29,40.2 1 0
github.com/ErikDPrince/bookmark-management/internal/api/api.go:42.28,46.2 3 0
github.com/ErikDPrince/bookmark-management/internal/api/api.go:48.34,52.2 3 0
github.com/ErikDPrince/bookmark-management/internal/api/api.go:54.35,60.2 1 0
github.com/ErikDPrince/bookmark-management/internal/api/api.go:62.38,68.2 5 0
github.com/ErikDPrince/bookmark-management/internal/api/config.go:16.35,19.16 3 0
github.com/ErikDPrince/bookmark-management/internal/api/config.go:19.16,21.3 1 0
github.com/ErikDPrince/bookmark-management/internal/api/config.go:23.2,23.42 1 0
github.com/ErikDPrince/bookmark-management/internal/api/config.go:23.42,25.3 1 0
github.com/ErikDPrince/bookmark-management/internal/api/config.go:27.2,27.45 1 0
github.com/ErikDPrince/bookmark-management/internal/api/config.go:27.45,29.3 1 0
github.com/ErikDPrince/bookmark-management/internal/api/config.go:31.2,31.17 1 0
github.com/ErikDPrince/bookmark-management/internal/handler/health_handler.go:26.67,28.2 1 0
github.com/ErikDPrince/bookmark-management/internal/handler/health_handler.go:30.47,33.2 2 0
github.com/ErikDPrince/bookmark-management/internal/handler/pass_handler.go:18.49,20.2 1 1
github.com/ErikDPrince/bookmark-management/internal/handler/pass_handler.go:28.51,30.16 2 1
github.com/ErikDPrince/bookmark-management/internal/handler/pass_handler.go:30.16,33.3 2 0
github.com/ErikDPrince/bookmark-management/internal/handler/pass_handler.go:34.2,34.48 1 1
github.com/ErikDPrince/bookmark-management/internal/handler/shortenurl.go:18.83,22.2 1 0
github.com/ErikDPrince/bookmark-management/internal/handler/shortenurl.go:28.56,30.48 2 0
github.com/ErikDPrince/bookmark-management/internal/handler/shortenurl.go:30.48,33.3 2 0
github.com/ErikDPrince/bookmark-management/internal/handler/shortenurl.go:35.2,36.16 2 0
github.com/ErikDPrince/bookmark-management/internal/handler/shortenurl.go:36.16,39.3 2 0
github.com/ErikDPrince/bookmark-management/internal/handler/shortenurl.go:40.2,42.4 1 0
github.com/ErikDPrince/bookmark-management/internal/repository/urlstorage.go:22.58,26.2 1 0
github.com/ErikDPrince/bookmark-management/internal/repository/urlstorage.go:28.76,30.2 1 0
github.com/ErikDPrince/bookmark-management/internal/service/code_generator.go:17.39,19.2 1 0
github.com/ErikDPrince/bookmark-management/internal/service/code_generator.go:21.66,23.30 2 0
github.com/ErikDPrince/bookmark-management/internal/service/code_generator.go:23.30,25.17 2 0
github.com/ErikDPrince/bookmark-management/internal/service/code_generator.go:25.17,27.4 1 0
github.com/ErikDPrince/bookmark-management/internal/service/code_generator.go:28.3,28.40 1 0
github.com/ErikDPrince/bookmark-management/internal/service/code_generator.go:30.2,30.24 1 0
github.com/ErikDPrince/bookmark-management/internal/service/health_service.go:18.62,23.2 1 0
github.com/ErikDPrince/bookmark-management/internal/service/health_service.go:25.42,31.2 1 0
github.com/ErikDPrince/bookmark-management/internal/service/pass_service.go:25.36,27.2 1 0
github.com/ErikDPrince/bookmark-management/internal/service/pass_service.go:29.62,32.38 2 0
github.com/ErikDPrince/bookmark-management/internal/service/pass_service.go:32.38,34.17 2 0
github.com/ErikDPrince/bookmark-management/internal/service/pass_service.go:34.17,36.4 1 0
github.com/ErikDPrince/bookmark-management/internal/service/pass_service.go:37.3,37.53 1 0
github.com/ErikDPrince/bookmark-management/internal/service/pass_service.go:39.2,39.33 1 0
github.com/ErikDPrince/bookmark-management/internal/service/shortenurl.go:22.95,27.2 1 0
github.com/ErikDPrince/bookmark-management/internal/service/shortenurl.go:29.89,32.16 2 0
github.com/ErikDPrince/bookmark-management/internal/service/shortenurl.go:32.16,34.3 1 0
github.com/ErikDPrince/bookmark-management/internal/service/shortenurl.go:36.2,37.16 2 0
github.com/ErikDPrince/bookmark-management/internal/service/shortenurl.go:37.16,39.3 1 0
github.com/ErikDPrince/bookmark-management/internal/service/shortenurl.go:41.2,41.18 1 0
github.com/ErikDPrince/bookmark-management/pkg/redis/client.go:5.57,7.16 2 0
github.com/ErikDPrince/bookmark-management/pkg/redis/client.go:7.16,9.3 1 0
github.com/ErikDPrince/bookmark-management/pkg/redis/client.go:11.2,15.9 1 0
github.com/ErikDPrince/bookmark-management/pkg/redis/config.go:11.51,14.58 2 0
github.com/ErikDPrince/bookmark-management/pkg/redis/config.go:14.58,16.3 1 0
github.com/ErikDPrince/bookmark-management/pkg/redis/config.go:18.2,18.17 1 0
github.com/ErikDPrince/bookmark-management/pkg/redis/mock.go:10.48,16.2 2 0
github.com/ErikDPrince/bookmark-management/pkg/redis/client.go:5.57,7.16 2 0
github.com/ErikDPrince/bookmark-management/pkg/redis/client.go:7.16,9.3 1 0
github.com/ErikDPrince/bookmark-management/pkg/redis/client.go:11.2,15.9 1 0
github.com/ErikDPrince/bookmark-management/pkg/redis/config.go:11.51,14.58 2 0
github.com/ErikDPrince/bookmark-management/pkg/redis/config.go:14.58,16.3 1 0
github.com/ErikDPrince/bookmark-management/pkg/redis/config.go:18.2,18.17 1 0
github.com/ErikDPrince/bookmark-management/pkg/redis/mock.go:10.48,16.2 2 0
